// Jest Snapshot v1, https://goo.gl/fbAQLP

exports[`Prueba en <GifGrid/> Debe de mostar items cuando se cargan las imagenes 1`] = `
{
  "asFragment": [Function],
  "baseElement": <body>
    <div>
      <div
        class="mt-5"
      >
        <h2
          class="textTitles d-flex align-item-center"
        >
          <i
            class="fi fi-ss-bullet"
          />
          FRIENDS
        </h2>
        <div
          class="card-grid"
        >
          <div
            class="card"
          >
            <img
              alt="Friends"
              class="card-img-top"
              src="https://addadsa.com"
            />
            <div
              class="card-body d-flex justify-content-center align-items-center"
            >
              <p
                class="card-title"
              >
                Friends
              </p>
            </div>
          </div>
          <div
            class="card"
          >
            <img
              alt="Goku"
              class="card-img-top"
              src="https://ssfdsfs.com"
            />
            <div
              class="card-body d-flex justify-content-center align-items-center"
            >
              <p
                class="card-title"
              >
                Goku
              </p>
            </div>
          </div>
        </div>
      </div>
    </div>
  </body>,
  "container": <div>
    <div
      class="mt-5"
    >
      <h2
        class="textTitles d-flex align-item-center"
      >
        <i
          class="fi fi-ss-bullet"
        />
        FRIENDS
      </h2>
      <div
        class="card-grid"
      >
        <div
          class="card"
        >
          <img
            alt="Friends"
            class="card-img-top"
            src="https://addadsa.com"
          />
          <div
            class="card-body d-flex justify-content-center align-items-center"
          >
            <p
              class="card-title"
            >
              Friends
            </p>
          </div>
        </div>
        <div
          class="card"
        >
          <img
            alt="Goku"
            class="card-img-top"
            src="https://ssfdsfs.com"
          />
          <div
            class="card-body d-flex justify-content-center align-items-center"
          >
            <p
              class="card-title"
            >
              Goku
            </p>
          </div>
        </div>
      </div>
    </div>
  </div>,
  "debug": [Function],
  "findAllByAltText": [Function],
  "findAllByDisplayValue": [Function],
  "findAllByLabelText": [Function],
  "findAllByPlaceholderText": [Function],
  "findAllByRole": [Function],
  "findAllByTestId": [Function],
  "findAllByText": [Function],
  "findAllByTitle": [Function],
  "findByAltText": [Function],
  "findByDisplayValue": [Function],
  "findByLabelText": [Function],
  "findByPlaceholderText": [Function],
  "findByRole": [Function],
  "findByTestId": [Function],
  "findByText": [Function],
  "findByTitle": [Function],
  "getAllByAltText": [Function],
  "getAllByDisplayValue": [Function],
  "getAllByLabelText": [Function],
  "getAllByPlaceholderText": [Function],
  "getAllByRole": [Function],
  "getAllByTestId": [Function],
  "getAllByText": [Function],
  "getAllByTitle": [Function],
  "getByAltText": [Function],
  "getByDisplayValue": [Function],
  "getByLabelText": [Function],
  "getByPlaceholderText": [Function],
  "getByRole": [Function],
  "getByTestId": [Function],
  "getByText": [Function],
  "getByTitle": [Function],
  "queryAllByAltText": [Function],
  "queryAllByDisplayValue": [Function],
  "queryAllByLabelText": [Function],
  "queryAllByPlaceholderText": [Function],
  "queryAllByRole": [Function],
  "queryAllByTestId": [Function],
  "queryAllByText": [Function],
  "queryAllByTitle": [Function],
  "queryByAltText": [Function],
  "queryByDisplayValue": [Function],
  "queryByLabelText": [Function],
  "queryByPlaceholderText": [Function],
  "queryByRole": [Function],
  "queryByTestId": [Function],
  "queryByText": [Function],
  "queryByTitle": [Function],
  "rerender": [Function],
  "unmount": [Function],
}
`;
